Microsoft (R) Macro Assembler Version 5.00                  1/9/22 16:25:29
                                                             Page     1-1


       1				; Program gwiazdki.asm 
       2				; Wyœwietlanie znaków * w takt przerwañ
					 zegarowych 
       3				; Uruchomienie w trybie rzeczywistym pr
					ocesora x86 
       4				; lub na maszynie wirtualnej 
       5				; zakoñczenie programu po naciœniêciu k
					lawisza 'x' 
       6				; asemblacja (MASM 4.0): masm gwiazdki.
					asm,,,; 
       7				; konsolidacja (LINK 3.60): link gwiazd
					ki.obj; 
       8				.386 
       9 0000				rozkazy SEGMENT use16 
      10				ASSUME CS:rozkazy 
      11				 
      12 0000				wyswietl_AL PROC 
      13				; wyœwietlanie zawartoœci rejestru AL n
					a ekranie wg adresu 
      14				; podanego w ES:BX 
      15				; stosowany jest bezpoœredni zapis do p
					amiêci ekranu 
      16				; przechowanie rejestrów 
      17 0000  50			push ax 
      18 0001  51			push cx 
      19 0002  52			push dx 
      20 0003  B1 0A			mov cl, 10 ; dzielnik 
      21				 
      22 0005  B4 00			mov ah, 0 ; zerowanie starszej czêœci d
					zielnej 
      23				; dzielenie liczby w AX przez liczbê w 
					CL, iloraz w AL, 
      24				; reszta w AH (tu: dzielenie przez 10) 
      25 0007  F6 F1			div cl 
      26 0009  80 C4 30			add ah, 30H ; zamiana na kod ASCII 
      27 000C  26: 88 67 04		mov es:[bx+4], ah ; cyfra jednoœci 
      28 0010  B4 00			mov ah, 0 
      29 0012  F6 F1			div cl ; drugie dzielenie przez 10 
      30 0014  80 C4 30			add ah, 30H ; zamiana na kod ASCII 
      31 0017  26: 88 67 02		mov es:[bx+2], ah ; cyfra dziesi¹tek 
      32 001B  04 30			add al, 30H ; zamiana na kod ASCII 
      33 001D  26: 88 07		mov es:[bx+0], al ; cyfra setek 
      34				; wpisanie kodu koloru (intensywny bia³
					y) do pamiêci ekranu 
      35 0020  B0 0F			mov al, 00001111B 
      36 0022  26: 88 47 01		mov es:[bx+1],al 
      37 0026  26: 88 47 03		mov es:[bx+3],al 
      38 002A  26: 88 47 05		mov es:[bx+5],al 
      39				; odtworzenie rejestrów 
      40 002E  5A			pop dx 
      41 002F  59			pop cx 
      42 0030  58			pop ax 
      43 0031  C3			ret ; wyjœcie z podprogramu 
      44 0032				wyswietl_AL ENDP 
Microsoft (R) Macro Assembler Version 5.00                  1/9/22 16:25:29
                                                             Page     1-2


      45				 
      46				;======================================
					====================== 
      47				; procedura obs³ugi przerwania zegarowe
					go 
      48 0032				obsluga_zegara PROC 
      49				; przechowanie u¿ywanych rejestrów 
      50 0032  50			push ax 
      51 0033  53			push bx 
      52 0034  06			push es 
      53 0035  51			push cx 
      54				 
      55				; wpisanie adresu pamiêci ekranu do rej
					estru ES - pamiêæ 
      56				; ekranu dla trybu tekstowego zaczyna s
					iê od adresu B8000H, 
      57				; jednak do rejestru ES wpisujemy warto
					œæ B800H, 
      58				; bo w trakcie obliczenia adresu proces
					or ka¿dorazowo mno¿y 
      59				; zawartoœæ rejestru ES przez 16 
      60 0036  B8 B800			mov ax, 0B800h ;adres pamiêci ekranu 
      61 0039  8E C0			mov es, ax 
      62				 
      63 003B  E4 60			in al, 60H ; kod klawisza w AL 
      64 003D  8A C8			mov cl, al 
      65				 
      66 003F  3C 80			cmp al, 128 
      67 0041  0F 82 0047 R		jb pokaz2 
      68 0045  2C 80			sub al, 128 
      69 0047				pokaz2: 
      70 0047  E8 0000 R		call wyswietl_AL 
      71				 
      72 004A  8A C1			mov al, cl 
      73				 
      74 004C				koniec: 
      75				; odtworzenie rejestrów 
      76 004C  59			pop cx 
      77 004D  07			pop es 
      78 004E  5B			pop bx 
      79 004F  58			pop ax 
      80				 
      81				; skok do oryginalnej procedury obs³ugi
					 przerwania zegarowego 
      82 0050  2E: FF 2E 005B R		jmp dword PTR cs:wektor8 
      83				 
      84				; dane programu ze wzglêdu na specyfikê
					 obs³ugi przerwañ 
      85				; umieszczone s¹ w segmencie kodu 
      86 0055  0140			licznik dw 320 ; wyœwietlanie pocz¹wszy
					 od 2. wiersza 
      87 0057  0000			kolumna dw 0 
      88 0059  0000			czas dw 0 
      89 005B  ????????			wektor8 dd ? 
Microsoft (R) Macro Assembler Version 5.00                  1/9/22 16:25:29
                                                             Page     1-3


      90 005F  ????????			wektor9 dd ? 
      91 0063				obsluga_zegara ENDP 
      92				 
      93				 
      94				;======================================
					====================== 
      95				; program g³ówny - instalacja i deinsta
					lacja procedury 
      96				; obs³ugi przerwañ 
      97				; ustalenie strony nr 0 dla trybu tekst
					owego 
      98 0063				zacznij: 
      99 0063  B0 00			mov al, 0 
     100 0065  B4 05			mov ah, 5 
     101 0067  CD 10			int 10h 
     102 0069  B8 0000			mov ax, 0 
     103 006C  8E D8			mov ds,ax ; zerowanie rejestru DS 
     104				; odczytanie zawartoœci wektora nr 8 i 
					zapisanie go 
     105				; w zmiennej 'wektor8' (wektor nr 8 zaj
					muje w pamiêci 4 bajty 
     106				; pocz¹wszy od adresu fizycznego 8 * 4 
					= 32) 
     107 006E  66| A1 0024		mov eax,ds:[36] ; adres fizyczny 0*16 +
					 32 = 32 
     108 0072  2E: 66| A3 005B R	mov cs:wektor8, eax 
     109				 
     110				; wpisanie do wektora nr 8 adresu proce
					dury 'obsluga_zegara' 
     111 0077  B8 ---- R		mov ax, SEG obsluga_zegara ; czêœæ segm
					entowa adresu 
     112 007A  BB 0032 R		mov bx, OFFSET obsluga_zegara ; offset 
					adresu 
     113 007D  FA			cli ; zablokowanie przerwañ 
     114				; zapisanie adresu procedury do wektora
					 nr 8 
     115 007E  89 1E 0024		mov ds:[36], bx ; OFFSET 
     116 0082  A3 0026			mov ds:[38], ax ; cz. segmentowa 
     117 0085  FB			sti ;odblokowanie przerwañ 
     118				; oczekiwanie na naciœniêcie klawisza '
					x' 
     119 0086				aktywne_oczekiwanie: 
     120 0086  B4 01			mov ah,1 
     121 0088  CD 16			int 16H 
     122				; funkcja INT 16H (AH=1) BIOSu ustawia 
					ZF=1 jeœli 
     123				; naciœniêto jakiœ klawisz 
     124 008A  74 FA			jz aktywne_oczekiwanie 
     125				; odczytanie kodu ASCII naciœniêtego kl
					awisza (INT 16H, AH=0) 
     126				; do rejestru AL 
     127 008C  B4 00			mov ah, 0 
     128 008E  CD 16			int 16H 
     129 0090  3C 78			cmp al, 'x' ; porównanie z kodem litery
Microsoft (R) Macro Assembler Version 5.00                  1/9/22 16:25:29
                                                             Page     1-4


					 'x' 
     130 0092  75 F2			jne aktywne_oczekiwanie ; skok, gdy inn
					y znak 
     131				; deinstalacja procedury obs³ugi przerw
					ania zegarowego 
     132				; odtworzenie oryginalnej zawartoœci we
					ktora nr 8 
     133 0094  2E: 66| A1 005B R	mov eax, cs:wektor8 
     134 0099  FA			cli 
     135 009A  66| A3 0024		mov ds:[36], eax ; przes³anie wartoœci 
					oryginalnej 
     136				; do wektora 8 w tablicy wektorów 
     137				; przerwañ 
     138 009E  FB			sti 
     139				; zakoñczenie programu 
     140 009F  B0 00			mov al, 0 
     141 00A1  B4 4C			mov ah, 4CH 
     142 00A3  CD 21			int 21H 
     143 00A5				rozkazy ENDS 
     144				 
     145 0000				nasz_stos SEGMENT stack 
     146 0000  0080[			db 128 dup (?) 
     147	    ??			
     148			 ]	
     149				
     150 0080				nasz_stos ENDS 
     151				END zacznij 
Microsoft (R) Macro Assembler Version 5.00                  1/9/22 16:25:29
                                                             Symbols-1




                N a m e         	Size	Length	 Align	Combine Class

NASZ_STOS  . . . . . . . . . . .  	32 Bit	0080	PARA	STACK	
ROZKAZY  . . . . . . . . . . . .  	16 Bit	00A5	PARA	NONE	

Symbols:            

                N a m e         	Type	 Value	 Attr

AKTYWNE_OCZEKIWANIE  . . . . . .  	L NEAR	0086	ROZKAZY

CZAS . . . . . . . . . . . . . .  	L WORD	0059	ROZKAZY

KOLUMNA  . . . . . . . . . . . .  	L WORD	0057	ROZKAZY
KONIEC . . . . . . . . . . . . .  	L NEAR	004C	ROZKAZY

LICZNIK  . . . . . . . . . . . .  	L WORD	0055	ROZKAZY

OBSLUGA_ZEGARA . . . . . . . . .  	N PROC	0032	ROZKAZY	Length = 0031

POKAZ2 . . . . . . . . . . . . .  	L NEAR	0047	ROZKAZY

WEKTOR8  . . . . . . . . . . . .  	L DWORD	005B	ROZKAZY
WEKTOR9  . . . . . . . . . . . .  	L DWORD	005F	ROZKAZY
WYSWIETL_AL  . . . . . . . . . .  	N PROC	0000	ROZKAZY	Length = 0032

ZACZNIJ  . . . . . . . . . . . .  	L NEAR	0063	ROZKAZY

@FILENAME  . . . . . . . . . . .  	TEXT  KLAW		


    148 Source  Lines
    148 Total   Lines
     15 Symbols

  50484 + 466060 Bytes symbol space free

      0 Warning Errors
      0 Severe  Errors
